Already up to date
Done in 370ms using pnpm v11.19.0
$ tsc -b && vite build --mode player && node tools/engine-offline-manifest.mjs dist-player && vite build --mode studio
vite v7.3.6 building client environment for player...
transforming...
node_modules/.pnpm/zod@4.6.5/node_modules/zod/v4/core/util.js (400:0): A comment

"// Wrapped in a `@__PURE__` IIFE: esbuild never tree-shakes a top-level initializer that contains a member access on `Number`, so the bare object literal survived into every bundle."

in "node_modules/.pnpm/zod@4.6.5/node_modules/zod/v4/core/util.js" contains an annotation that Rollup cannot interpret due to the position of the comment. The comment will be removed to avoid issues.
node_modules/.pnpm/zod@4.6.5/node_modules/zod/v4/core/regexes.js (74:0): A comment

"/** Anchors a pattern source. The interpolation lives here rather than at the call site because
 * esbuild will not drop a `@__PURE__` call whose own argument interpolates a variable, but it
 * will drop `anchor(dateSource)`. Keeping it inline pinned `date` into every bundle. */"

in "node_modules/.pnpm/zod@4.6.5/node_modules/zod/v4/core/regexes.js" contains an annotation that Rollup cannot interpret due to the position of the comment. The comment will be removed to avoid issues.
✓ 193 modules transformed.
rendering chunks...
computing gzip size...
dist-player/index.html                                0.41 kB │ gzip:   0.29 kB
dist-player/assets/MercyWorld-C5mF38X8.css            2.22 kB │ gzip:   0.89 kB
dist-player/assets/RebuildWorld-8fDb1NT9.css          2.42 kB │ gzip:   0.87 kB
dist-player/assets/CountryWorld-z_TKLLza.css          2.42 kB │ gzip:   0.87 kB
dist-player/assets/BathWorld-DdzgXQUT.css             2.83 kB │ gzip:   1.04 kB
dist-player/assets/index-Cf4DDWGf.css                17.93 kB │ gzip:   4.43 kB
dist-player/assets/profiles-DJgg0Y7U.js               9.32 kB │ gzip:   3.01 kB
dist-player/assets/CountryWorld-SfSSZ82V.js          10.07 kB │ gzip:   4.41 kB
dist-player/assets/BathWorld-DVrwyoHC.js             10.55 kB │ gzip:   4.60 kB
dist-player/assets/RebuildWorld-CecXhfR8.js          19.75 kB │ gzip:   7.31 kB
dist-player/assets/GLTFLoader-D_f0fob5.js            44.77 kB │ gzip:  13.51 kB
dist-player/assets/MercyWorld-baXUUyY9.js            52.15 kB │ gzip:  17.00 kB
dist-player/assets/case-v4-Do3QT9UZ.js               67.89 kB │ gzip:  19.34 kB
dist-player/assets/load-compatibility-D7eqSWvt.js    83.14 kB │ gzip:  23.41 kB
dist-player/assets/case-v2-BZmxKTkW.js              102.13 kB │ gzip:  27.69 kB
dist-player/assets/case-v5-WMV-7END.js              119.79 kB │ gzip:  32.36 kB
dist-player/assets/case-v7-B8L3mVuJ.js              207.27 kB │ gzip:  56.98 kB
dist-player/assets/index-CIXHSjnr.js                435.43 kB │ gzip: 130.74 kB
dist-player/assets/BufferGeometryUtils-ndc3YYxy.js  587.55 kB │ gzip: 147.84 kB

(!) Some chunks are larger than 500 kB after minification. Consider:
- Using dynamic import() to code-split the application
- Use build.rollupOptions.output.manualChunks to improve chunking: https://rollupjs.org/configuration-options/#output-manualchunks
- Adjust chunk size limit for this warning via build.chunkSizeWarningLimit.
✓ built in 3.42s
Offline manifest: 23 local files, build 61a21436c14afcbc
vite v7.3.6 building client environment for studio...
transforming...
node_modules/.pnpm/zod@4.6.5/node_modules/zod/v4/core/regexes.js (74:0): A comment

"/** Anchors a pattern source. The interpolation lives here rather than at the call site because
 * esbuild will not drop a `@__PURE__` call whose own argument interpolates a variable, but it
 * will drop `anchor(dateSource)`. Keeping it inline pinned `date` into every bundle. */"

in "node_modules/.pnpm/zod@4.6.5/node_modules/zod/v4/core/regexes.js" contains an annotation that Rollup cannot interpret due to the position of the comment. The comment will be removed to avoid issues.
node_modules/.pnpm/zod@4.6.5/node_modules/zod/v4/core/util.js (400:0): A comment

"// Wrapped in a `@__PURE__` IIFE: esbuild never tree-shakes a top-level initializer that contains a member access on `Number`, so the bare object literal survived into every bundle."

in "node_modules/.pnpm/zod@4.6.5/node_modules/zod/v4/core/util.js" contains an annotation that Rollup cannot interpret due to the position of the comment. The comment will be removed to avoid issues.
node_modules/.pnpm/zod@4.6.5/node_modules/zod/v4/core/regexes.js (74:0): A comment

"/** Anchors a pattern source. The interpolation lives here rather than at the call site because
 * esbuild will not drop a `@__PURE__` call whose own argument interpolates a variable, but it
 * will drop `anchor(dateSource)`. Keeping it inline pinned `date` into every bundle. */"

in "node_modules/.pnpm/zod@4.6.5/node_modules/zod/v4/core/regexes.js" contains an annotation that Rollup cannot interpret due to the position of the comment. The comment will be removed to avoid issues.
node_modules/.pnpm/zod@4.6.5/node_modules/zod/v4/core/util.js (400:0): A comment

"// Wrapped in a `@__PURE__` IIFE: esbuild never tree-shakes a top-level initializer that contains a member access on `Number`, so the bare object literal survived into every bundle."

in "node_modules/.pnpm/zod@4.6.5/node_modules/zod/v4/core/util.js" contains an annotation that Rollup cannot interpret due to the position of the comment. The comment will be removed to avoid issues.
✓ 200 modules transformed.
rendering chunks...
computing gzip size...
dist-studio/studio.html                               0.39 kB │ gzip:   0.28 kB
dist-studio/assets/validation-worker-D_3bKwGY.js    119.67 kB
dist-studio/assets/MercyWorld-C5mF38X8.css            2.22 kB │ gzip:   0.89 kB
dist-studio/assets/RebuildWorld-8fDb1NT9.css          2.42 kB │ gzip:   0.87 kB
dist-studio/assets/CountryWorld-z_TKLLza.css          2.42 kB │ gzip:   0.87 kB
dist-studio/assets/BathWorld-DdzgXQUT.css             2.83 kB │ gzip:   1.04 kB
dist-studio/assets/studio-Cjl8d4ja.css               18.54 kB │ gzip:   4.55 kB
dist-studio/assets/profiles-DJgg0Y7U.js               9.32 kB │ gzip:   3.01 kB
dist-studio/assets/CountryWorld-CWtyjnFJ.js          10.07 kB │ gzip:   4.41 kB
dist-studio/assets/BathWorld-CJ4rGk5E.js             10.55 kB │ gzip:   4.60 kB
dist-studio/assets/RebuildWorld-CEkA43xD.js          19.75 kB │ gzip:   7.31 kB
dist-studio/assets/GLTFLoader-D_f0fob5.js            44.77 kB │ gzip:  13.51 kB
dist-studio/assets/MercyWorld-RAgtb-W4.js            52.15 kB │ gzip:  17.00 kB
dist-studio/assets/case-v4-Do3QT9UZ.js               67.89 kB │ gzip:  19.34 kB
dist-studio/assets/load-compatibility-MAchVaYQ.js    83.14 kB │ gzip:  23.41 kB
dist-studio/assets/case-v2-BZmxKTkW.js              102.13 kB │ gzip:  27.69 kB
dist-studio/assets/case-v5-WMV-7END.js              119.79 kB │ gzip:  32.36 kB
dist-studio/assets/case-v7-B8L3mVuJ.js              207.27 kB │ gzip:  56.98 kB
dist-studio/assets/studio-CT587lbj.js               477.50 kB │ gzip: 141.81 kB
dist-studio/assets/BufferGeometryUtils-ndc3YYxy.js  587.55 kB │ gzip: 147.84 kB

(!) Some chunks are larger than 500 kB after minification. Consider:
- Using dynamic import() to code-split the application
- Use build.rollupOptions.output.manualChunks to improve chunking: https://rollupjs.org/configuration-options/#output-manualchunks
- Adjust chunk size limit for this warning via build.chunkSizeWarningLimit.
✓ built in 3.96s
